2026-08-28T09:53:55.848Z estimate-done
2026-08-28T09:53:55.850Z Juniper arm=none start
2026-08-28T09:53:55.850Z Juniper exam-novel item 1/16 start
2026-08-28T09:54:05.357Z Juniper exam-novel item 1 done in-flight=1w
2026-08-28T09:54:05.360Z Juniper exam-novel item 2/16 start
2026-08-28T09:54:05.720Z Juniper exam-novel item 2 done in-flight=1w
2026-08-28T09:54:05.720Z Juniper exam-novel item 3/16 start
2026-08-28T09:54:06.048Z Juniper exam-novel item 3 done in-flight=1w
2026-08-28T09:54:06.048Z Juniper exam-novel item 4/16 start
2026-08-28T09:54:06.376Z Juniper exam-novel item 4 done in-flight=1w
2026-08-28T09:54:06.377Z Juniper exam-novel item 5/16 start
2026-08-28T09:54:06.711Z Juniper exam-novel item 5 done in-flight=1w
2026-08-28T09:54:06.712Z Juniper exam-novel item 6/16 start
2026-08-28T09:54:07.035Z Juniper exam-novel item 6 done in-flight=1w
2026-08-28T09:54:07.035Z Juniper exam-novel item 7/16 start
2026-08-28T09:54:07.360Z Juniper exam-novel item 7 done in-flight=1w
2026-08-28T09:54:07.360Z Juniper exam-novel item 8/16 start
2026-08-28T09:54:07.686Z Juniper exam-novel item 8 done in-flight=1w
2026-08-28T09:54:07.686Z Juniper exam-novel item 9/16 start
2026-08-28T09:54:08.010Z Juniper exam-novel item 9 done in-flight=1w
2026-08-28T09:54:08.010Z Juniper exam-novel item 10/16 start
2026-08-28T09:54:08.338Z Juniper exam-novel item 10 done in-flight=1w
2026-08-28T09:54:08.339Z Juniper exam-novel item 11/16 start
2026-08-28T09:54:08.668Z Juniper exam-novel item 11 done in-flight=1w
2026-08-28T09:54:08.668Z Juniper exam-novel item 12/16 start
2026-08-28T09:54:08.993Z Juniper exam-novel item 12 done in-flight=1w
2026-08-28T09:54:08.994Z Juniper exam-novel item 13/16 start
2026-08-28T09:54:09.318Z Juniper exam-novel item 13 done in-flight=1w
2026-08-28T09:54:09.319Z Juniper exam-novel item 14/16 start
2026-08-28T09:54:09.644Z Juniper exam-novel item 14 done in-flight=1w
2026-08-28T09:54:09.645Z Juniper exam-novel item 15/16 start
2026-08-28T09:54:09.969Z Juniper exam-novel item 15 done in-flight=1w
2026-08-28T09:54:09.970Z Juniper exam-novel item 16/16 start
2026-08-28T09:54:10.299Z Juniper exam-novel item 16 done in-flight=1w
2026-08-28T09:54:10.300Z Juniper exam-sting item 1/10 start
2026-08-28T09:54:10.629Z Juniper exam-sting item 1 done in-flight=1w
2026-08-28T09:54:10.630Z Juniper exam-sting item 2/10 start
2026-08-28T09:54:10.956Z Juniper exam-sting item 2 done in-flight=1w
2026-08-28T09:54:10.957Z Juniper exam-sting item 3/10 start
2026-08-28T09:54:11.281Z Juniper exam-sting item 3 done in-flight=1w
2026-08-28T09:54:11.281Z Juniper exam-sting item 4/10 start
2026-08-28T09:54:11.608Z Juniper exam-sting item 4 done in-flight=1w
2026-08-28T09:54:11.609Z Juniper exam-sting item 5/10 start
2026-08-28T09:54:11.937Z Juniper exam-sting item 5 done in-flight=1w
2026-08-28T09:54:11.938Z Juniper exam-sting item 6/10 start
2026-08-28T09:54:12.271Z Juniper exam-sting item 6 done in-flight=1w
2026-08-28T09:54:12.271Z Juniper exam-sting item 7/10 start
2026-08-28T09:54:12.598Z Juniper exam-sting item 7 done in-flight=1w
2026-08-28T09:54:12.599Z Juniper exam-sting item 8/10 start
2026-08-28T09:54:12.925Z Juniper exam-sting item 8 done in-flight=1w
2026-08-28T09:54:12.925Z Juniper exam-sting item 9/10 start
2026-08-28T09:54:13.253Z Juniper exam-sting item 9 done in-flight=1w
2026-08-28T09:54:13.253Z Juniper exam-sting item 10/10 start
2026-08-28T09:54:13.576Z Juniper exam-sting item 10 done in-flight=1w
2026-08-28T09:54:13.577Z Juniper arm=fixed start
2026-08-28T09:54:30.800Z Juniper exam-novel item 1/16 start
2026-08-28T09:54:31.426Z Juniper exam-novel item 1 done in-flight=1w
2026-08-28T09:54:31.426Z Juniper exam-novel item 2/16 start
2026-08-28T09:54:31.760Z Juniper exam-novel item 2 done in-flight=1w
2026-08-28T09:54:31.760Z Juniper exam-novel item 3/16 start
2026-08-28T09:54:32.090Z Juniper exam-novel item 3 done in-flight=1w
2026-08-28T09:54:32.090Z Juniper exam-novel item 4/16 start
2026-08-28T09:54:32.425Z Juniper exam-novel item 4 done in-flight=1w
2026-08-28T09:54:32.426Z Juniper exam-novel item 5/16 start
2026-08-28T09:54:32.757Z Juniper exam-novel item 5 done in-flight=1w
2026-08-28T09:54:32.758Z Juniper exam-novel item 6/16 start
2026-08-28T09:54:33.088Z Juniper exam-novel item 6 done in-flight=1w
2026-08-28T09:54:33.089Z Juniper exam-novel item 7/16 start
2026-08-28T09:54:33.419Z Juniper exam-novel item 7 done in-flight=1w
2026-08-28T09:54:33.420Z Juniper exam-novel item 8/16 start
2026-08-28T09:54:33.753Z Juniper exam-novel item 8 done in-flight=1w
2026-08-28T09:54:33.753Z Juniper exam-novel item 9/16 start
2026-08-28T09:54:34.085Z Juniper exam-novel item 9 done in-flight=1w
2026-08-28T09:54:34.086Z Juniper exam-novel item 10/16 start
2026-08-28T09:54:34.416Z Juniper exam-novel item 10 done in-flight=1w
2026-08-28T09:54:34.416Z Juniper exam-novel item 11/16 start
2026-08-28T09:54:34.749Z Juniper exam-novel item 11 done in-flight=1w
2026-08-28T09:54:34.749Z Juniper exam-novel item 12/16 start
2026-08-28T09:54:35.085Z Juniper exam-novel item 12 done in-flight=1w
2026-08-28T09:54:35.086Z Juniper exam-novel item 13/16 start
2026-08-28T09:54:35.418Z Juniper exam-novel item 13 done in-flight=1w
2026-08-28T09:54:35.419Z Juniper exam-novel item 14/16 start
2026-08-28T09:54:35.749Z Juniper exam-novel item 14 done in-flight=1w
2026-08-28T09:54:35.750Z Juniper exam-novel item 15/16 start
2026-08-28T09:54:36.081Z Juniper exam-novel item 15 done in-flight=1w
2026-08-28T09:54:36.081Z Juniper exam-novel item 16/16 start
2026-08-28T09:54:36.411Z Juniper exam-novel item 16 done in-flight=1w
2026-08-28T09:54:36.412Z Juniper exam-sting item 1/10 start
2026-08-28T09:54:36.757Z Juniper exam-sting item 1 done in-flight=1w
2026-08-28T09:54:36.757Z Juniper exam-sting item 2/10 start
2026-08-28T09:54:37.088Z Juniper exam-sting item 2 done in-flight=1w
2026-08-28T09:54:37.089Z Juniper exam-sting item 3/10 start
2026-08-28T09:54:37.419Z Juniper exam-sting item 3 done in-flight=1w
2026-08-28T09:54:37.419Z Juniper exam-sting item 4/10 start
2026-08-28T09:54:37.753Z Juniper exam-sting item 4 done in-flight=1w
2026-08-28T09:54:37.753Z Juniper exam-sting item 5/10 start
2026-08-28T09:54:38.085Z Juniper exam-sting item 5 done in-flight=1w
2026-08-28T09:54:38.086Z Juniper exam-sting item 6/10 start
2026-08-28T09:54:38.416Z Juniper exam-sting item 6 done in-flight=1w
2026-08-28T09:54:38.417Z Juniper exam-sting item 7/10 start
2026-08-28T09:54:38.748Z Juniper exam-sting item 7 done in-flight=1w
2026-08-28T09:54:38.749Z Juniper exam-sting item 8/10 start
2026-08-28T09:54:39.080Z Juniper exam-sting item 8 done in-flight=1w
2026-08-28T09:54:39.081Z Juniper exam-sting item 9/10 start
2026-08-28T09:54:39.412Z Juniper exam-sting item 9 done in-flight=1w
2026-08-28T09:54:39.413Z Juniper exam-sting item 10/10 start
2026-08-28T09:54:39.743Z Juniper exam-sting item 10 done in-flight=1w
2026-08-28T09:54:39.744Z Juniper arm=adaptive start
2026-08-28T09:54:56.213Z Juniper exam-novel item 1/16 start
2026-08-28T09:54:56.830Z Juniper exam-novel item 1 done in-flight=1w
2026-08-28T09:54:56.830Z Juniper exam-novel item 2/16 start
2026-08-28T09:54:57.156Z Juniper exam-novel item 2 done in-flight=1w
2026-08-28T09:54:57.157Z Juniper exam-novel item 3/16 start
2026-08-28T09:54:57.482Z Juniper exam-novel item 3 done in-flight=1w
2026-08-28T09:54:57.483Z Juniper exam-novel item 4/16 start
2026-08-28T09:54:57.812Z Juniper exam-novel item 4 done in-flight=1w
2026-08-28T09:54:57.812Z Juniper exam-novel item 5/16 start
2026-08-28T09:54:58.137Z Juniper exam-novel item 5 done in-flight=1w
2026-08-28T09:54:58.138Z Juniper exam-novel item 6/16 start
2026-08-28T09:54:58.463Z Juniper exam-novel item 6 done in-flight=1w
2026-08-28T09:54:58.463Z Juniper exam-novel item 7/16 start
2026-08-28T09:54:58.791Z Juniper exam-novel item 7 done in-flight=1w
2026-08-28T09:54:58.791Z Juniper exam-novel item 8/16 start
2026-08-28T09:54:59.118Z Juniper exam-novel item 8 done in-flight=1w
2026-08-28T09:54:59.118Z Juniper exam-novel item 9/16 start
2026-08-28T09:54:59.445Z Juniper exam-novel item 9 done in-flight=1w
2026-08-28T09:54:59.445Z Juniper exam-novel item 10/16 start
2026-08-28T09:54:59.774Z Juniper exam-novel item 10 done in-flight=1w
2026-08-28T09:54:59.775Z Juniper exam-novel item 11/16 start
2026-08-28T09:55:00.105Z Juniper exam-novel item 11 done in-flight=1w
2026-08-28T09:55:00.105Z Juniper exam-novel item 12/16 start
2026-08-28T09:55:00.433Z Juniper exam-novel item 12 done in-flight=1w
2026-08-28T09:55:00.433Z Juniper exam-novel item 13/16 start
2026-08-28T09:55:00.760Z Juniper exam-novel item 13 done in-flight=1w
2026-08-28T09:55:00.760Z Juniper exam-novel item 14/16 start
2026-08-28T09:55:01.085Z Juniper exam-novel item 14 done in-flight=1w
2026-08-28T09:55:01.086Z Juniper exam-novel item 15/16 start
2026-08-28T09:55:01.413Z Juniper exam-novel item 15 done in-flight=1w
2026-08-28T09:55:01.413Z Juniper exam-novel item 16/16 start
2026-08-28T09:55:01.740Z Juniper exam-novel item 16 done in-flight=1w
2026-08-28T09:55:01.740Z Juniper exam-sting item 1/10 start
2026-08-28T09:55:02.067Z Juniper exam-sting item 1 done in-flight=1w
2026-08-28T09:55:02.067Z Juniper exam-sting item 2/10 start
2026-08-28T09:55:02.393Z Juniper exam-sting item 2 done in-flight=1w
2026-08-28T09:55:02.394Z Juniper exam-sting item 3/10 start
2026-08-28T09:55:02.722Z Juniper exam-sting item 3 done in-flight=1w
2026-08-28T09:55:02.722Z Juniper exam-sting item 4/10 start
2026-08-28T09:55:03.047Z Juniper exam-sting item 4 done in-flight=1w
2026-08-28T09:55:03.048Z Juniper exam-sting item 5/10 start
2026-08-28T09:55:03.375Z Juniper exam-sting item 5 done in-flight=1w
2026-08-28T09:55:03.375Z Juniper exam-sting item 6/10 start
2026-08-28T09:55:03.701Z Juniper exam-sting item 6 done in-flight=1w
2026-08-28T09:55:03.702Z Juniper exam-sting item 7/10 start
2026-08-28T09:55:04.026Z Juniper exam-sting item 7 done in-flight=1w
2026-08-28T09:55:04.027Z Juniper exam-sting item 8/10 start
2026-08-28T09:55:04.353Z Juniper exam-sting item 8 done in-flight=1w
2026-08-28T09:55:04.353Z Juniper exam-sting item 9/10 start
2026-08-28T09:55:04.680Z Juniper exam-sting item 9 done in-flight=1w
2026-08-28T09:55:04.681Z Juniper exam-sting item 10/10 start
2026-08-28T09:55:05.005Z Juniper exam-sting item 10 done in-flight=1w
2026-08-28T09:55:05.006Z Bram arm=none start
2026-08-28T09:55:05.007Z Bram exam-novel item 1/16 start
2026-08-28T09:55:09.124Z Bram exam-novel item 1 done in-flight=1w
2026-08-28T09:55:09.128Z Bram exam-novel item 2/16 start
2026-08-28T09:55:09.728Z Bram exam-novel item 2 done in-flight=1w
2026-08-28T09:55:09.729Z Bram exam-novel item 3/16 start
2026-08-28T09:55:10.260Z Bram exam-novel item 3 done in-flight=1w
2026-08-28T09:55:10.260Z Bram exam-novel item 4/16 start
2026-08-28T09:55:10.822Z Bram exam-novel item 4 done in-flight=1w
2026-08-28T09:55:10.822Z Bram exam-novel item 5/16 start
2026-08-28T09:55:11.444Z Bram exam-novel item 5 done in-flight=1w
2026-08-28T09:55:11.445Z Bram exam-novel item 6/16 start
2026-08-28T09:55:12.001Z Bram exam-novel item 6 done in-flight=1w
2026-08-28T09:55:12.002Z Bram exam-novel item 7/16 start
2026-08-28T09:55:12.610Z Bram exam-novel item 7 done in-flight=1w
2026-08-28T09:55:12.611Z Bram exam-novel item 8/16 start
2026-08-28T09:55:13.231Z Bram exam-novel item 8 done in-flight=1w
2026-08-28T09:55:13.231Z Bram exam-novel item 9/16 start
2026-08-28T09:55:13.827Z Bram exam-novel item 9 done in-flight=1w
2026-08-28T09:55:13.827Z Bram exam-novel item 10/16 start
2026-08-28T09:55:14.364Z Bram exam-novel item 10 done in-flight=1w
2026-08-28T09:55:14.365Z Bram exam-novel item 11/16 start
2026-08-28T09:55:14.963Z Bram exam-novel item 11 done in-flight=1w
2026-08-28T09:55:14.963Z Bram exam-novel item 12/16 start
2026-08-28T09:55:15.498Z Bram exam-novel item 12 done in-flight=1w
2026-08-28T09:55:15.498Z Bram exam-novel item 13/16 start
2026-08-28T09:55:16.103Z Bram exam-novel item 13 done in-flight=1w
2026-08-28T09:55:16.103Z Bram exam-novel item 14/16 start
2026-08-28T09:55:16.679Z Bram exam-novel item 14 done in-flight=1w
2026-08-28T09:55:16.679Z Bram exam-novel item 15/16 start
2026-08-28T09:55:17.252Z Bram exam-novel item 15 done in-flight=1w
2026-08-28T09:55:17.252Z Bram exam-novel item 16/16 start
2026-08-28T09:55:17.803Z Bram exam-novel item 16 done in-flight=1w
2026-08-28T09:55:17.804Z Bram exam-sting item 1/10 start
2026-08-28T09:55:18.354Z Bram exam-sting item 1 done in-flight=1w
2026-08-28T09:55:18.355Z Bram exam-sting item 2/10 start
2026-08-28T09:55:18.931Z Bram exam-sting item 2 done in-flight=1w
2026-08-28T09:55:18.932Z Bram exam-sting item 3/10 start
2026-08-28T09:55:19.505Z Bram exam-sting item 3 done in-flight=1w
2026-08-28T09:55:19.506Z Bram exam-sting item 4/10 start
2026-08-28T09:55:20.122Z Bram exam-sting item 4 done in-flight=1w
2026-08-28T09:55:20.122Z Bram exam-sting item 5/10 start
2026-08-28T09:55:20.723Z Bram exam-sting item 5 done in-flight=1w
2026-08-28T09:55:20.723Z Bram exam-sting item 6/10 start
2026-08-28T09:55:21.300Z Bram exam-sting item 6 done in-flight=1w
2026-08-28T09:55:21.301Z Bram exam-sting item 7/10 start
2026-08-28T09:55:21.926Z Bram exam-sting item 7 done in-flight=1w
2026-08-28T09:55:21.926Z Bram exam-sting item 8/10 start
2026-08-28T09:55:22.487Z Bram exam-sting item 8 done in-flight=1w
2026-08-28T09:55:22.488Z Bram exam-sting item 9/10 start
2026-08-28T09:55:23.080Z Bram exam-sting item 9 done in-flight=1w
2026-08-28T09:55:23.080Z Bram exam-sting item 10/10 start
2026-08-28T09:55:23.665Z Bram exam-sting item 10 done in-flight=1w
2026-08-28T09:55:23.665Z Bram arm=fixed start
2026-08-28T09:55:53.705Z Bram exam-novel item 1/16 start
2026-08-28T09:55:54.851Z Bram exam-novel item 1 done in-flight=1w
2026-08-28T09:55:54.852Z Bram exam-novel item 2/16 start
2026-08-28T09:55:55.415Z Bram exam-novel item 2 done in-flight=1w
2026-08-28T09:55:55.416Z Bram exam-novel item 3/16 start
2026-08-28T09:55:55.997Z Bram exam-novel item 3 done in-flight=1w
2026-08-28T09:55:55.998Z Bram exam-novel item 4/16 start
2026-08-28T09:55:56.575Z Bram exam-novel item 4 done in-flight=1w
2026-08-28T09:55:56.575Z Bram exam-novel item 5/16 start
2026-08-28T09:55:57.272Z Bram exam-novel item 5 done in-flight=1w
2026-08-28T09:55:57.272Z Bram exam-novel item 6/16 start
2026-08-28T09:55:57.823Z Bram exam-novel item 6 done in-flight=1w
2026-08-28T09:55:57.823Z Bram exam-novel item 7/16 start
2026-08-28T09:55:58.434Z Bram exam-novel item 7 done in-flight=1w
2026-08-28T09:55:58.435Z Bram exam-novel item 8/16 start
2026-08-28T09:55:58.985Z Bram exam-novel item 8 done in-flight=1w
2026-08-28T09:55:58.985Z Bram exam-novel item 9/16 start
2026-08-28T09:55:59.545Z Bram exam-novel item 9 done in-flight=1w
2026-08-28T09:55:59.546Z Bram exam-novel item 10/16 start
2026-08-28T09:56:00.106Z Bram exam-novel item 10 done in-flight=1w
2026-08-28T09:56:00.107Z Bram exam-novel item 11/16 start
2026-08-28T09:56:00.672Z Bram exam-novel item 11 done in-flight=1w
2026-08-28T09:56:00.673Z Bram exam-novel item 12/16 start
2026-08-28T09:56:01.230Z Bram exam-novel item 12 done in-flight=1w
2026-08-28T09:56:01.230Z Bram exam-novel item 13/16 start
2026-08-28T09:56:01.820Z Bram exam-novel item 13 done in-flight=1w
2026-08-28T09:56:01.821Z Bram exam-novel item 14/16 start
2026-08-28T09:56:02.429Z Bram exam-novel item 14 done in-flight=1w
2026-08-28T09:56:02.430Z Bram exam-novel item 15/16 start
2026-08-28T09:56:03.065Z Bram exam-novel item 15 done in-flight=1w
2026-08-28T09:56:03.066Z Bram exam-novel item 16/16 start
2026-08-28T09:56:03.633Z Bram exam-novel item 16 done in-flight=1w
2026-08-28T09:56:03.634Z Bram exam-sting item 1/10 start
2026-08-28T09:56:04.199Z Bram exam-sting item 1 done in-flight=1w
2026-08-28T09:56:04.200Z Bram exam-sting item 2/10 start
2026-08-28T09:56:04.804Z Bram exam-sting item 2 done in-flight=1w
2026-08-28T09:56:04.804Z Bram exam-sting item 3/10 start
2026-08-28T09:56:05.424Z Bram exam-sting item 3 done in-flight=1w
2026-08-28T09:56:05.425Z Bram exam-sting item 4/10 start
2026-08-28T09:56:06.042Z Bram exam-sting item 4 done in-flight=1w
2026-08-28T09:56:06.042Z Bram exam-sting item 5/10 start
2026-08-28T09:56:06.600Z Bram exam-sting item 5 done in-flight=1w
2026-08-28T09:56:06.600Z Bram exam-sting item 6/10 start
2026-08-28T09:56:07.160Z Bram exam-sting item 6 done in-flight=1w
2026-08-28T09:56:07.160Z Bram exam-sting item 7/10 start
2026-08-28T09:56:07.779Z Bram exam-sting item 7 done in-flight=1w
2026-08-28T09:56:07.780Z Bram exam-sting item 8/10 start
2026-08-28T09:56:08.323Z Bram exam-sting item 8 done in-flight=1w
2026-08-28T09:56:08.324Z Bram exam-sting item 9/10 start
2026-08-28T09:56:08.940Z Bram exam-sting item 9 done in-flight=1w
2026-08-28T09:56:08.940Z Bram exam-sting item 10/10 start
2026-08-28T09:56:09.540Z Bram exam-sting item 10 done in-flight=1w
2026-08-28T09:56:09.541Z Bram arm=adaptive start
2026-08-28T09:56:39.723Z Bram exam-novel item 1/16 start
2026-08-28T09:56:40.705Z Bram exam-novel item 1 done in-flight=1w
2026-08-28T09:56:40.705Z Bram exam-novel item 2/16 start
2026-08-28T09:56:41.292Z Bram exam-novel item 2 done in-flight=1w
2026-08-28T09:56:41.293Z Bram exam-novel item 3/16 start
2026-08-28T09:56:41.868Z Bram exam-novel item 3 done in-flight=1w
2026-08-28T09:56:41.869Z Bram exam-novel item 4/16 start
2026-08-28T09:56:42.451Z Bram exam-novel item 4 done in-flight=1w
2026-08-28T09:56:42.452Z Bram exam-novel item 5/16 start
2026-08-28T09:56:43.105Z Bram exam-novel item 5 done in-flight=1w
2026-08-28T09:56:43.105Z Bram exam-novel item 6/16 start
2026-08-28T09:56:43.715Z Bram exam-novel item 6 done in-flight=1w
2026-08-28T09:56:43.716Z Bram exam-novel item 7/16 start
2026-08-28T09:56:44.324Z Bram exam-novel item 7 done in-flight=1w
2026-08-28T09:56:44.324Z Bram exam-novel item 8/16 start
2026-08-28T09:56:44.896Z Bram exam-novel item 8 done in-flight=1w
2026-08-28T09:56:44.897Z Bram exam-novel item 9/16 start
2026-08-28T09:56:45.459Z Bram exam-novel item 9 done in-flight=1w
2026-08-28T09:56:45.460Z Bram exam-novel item 10/16 start
2026-08-28T09:56:46.040Z Bram exam-novel item 10 done in-flight=1w
2026-08-28T09:56:46.040Z Bram exam-novel item 11/16 start
2026-08-28T09:56:46.740Z Bram exam-novel item 11 done in-flight=1w
2026-08-28T09:56:46.741Z Bram exam-novel item 12/16 start
2026-08-28T09:56:47.488Z Bram exam-novel item 12 done in-flight=1w
2026-08-28T09:56:47.488Z Bram exam-novel item 13/16 start
2026-08-28T09:56:48.195Z Bram exam-novel item 13 done in-flight=1w
2026-08-28T09:56:48.195Z Bram exam-novel item 14/16 start
2026-08-28T09:56:48.816Z Bram exam-novel item 14 done in-flight=1w
2026-08-28T09:56:48.816Z Bram exam-novel item 15/16 start
2026-08-28T09:56:49.441Z Bram exam-novel item 15 done in-flight=1w
2026-08-28T09:56:49.441Z Bram exam-novel item 16/16 start
2026-08-28T09:56:50.064Z Bram exam-novel item 16 done in-flight=1w
2026-08-28T09:56:50.065Z Bram exam-sting item 1/10 start
2026-08-28T09:56:50.623Z Bram exam-sting item 1 done in-flight=1w
2026-08-28T09:56:50.623Z Bram exam-sting item 2/10 start
2026-08-28T09:56:51.254Z Bram exam-sting item 2 done in-flight=1w
2026-08-28T09:56:51.255Z Bram exam-sting item 3/10 start
2026-08-28T09:56:51.897Z Bram exam-sting item 3 done in-flight=1w
2026-08-28T09:56:51.898Z Bram exam-sting item 4/10 start
2026-08-28T09:56:52.514Z Bram exam-sting item 4 done in-flight=1w
2026-08-28T09:56:52.515Z Bram exam-sting item 5/10 start
2026-08-28T09:56:53.131Z Bram exam-sting item 5 done in-flight=1w
2026-08-28T09:56:53.131Z Bram exam-sting item 6/10 start
2026-08-28T09:56:53.734Z Bram exam-sting item 6 done in-flight=1w
2026-08-28T09:56:53.734Z Bram exam-sting item 7/10 start
2026-08-28T09:56:54.365Z Bram exam-sting item 7 done in-flight=1w
2026-08-28T09:56:54.365Z Bram exam-sting item 8/10 start
2026-08-28T09:56:54.978Z Bram exam-sting item 8 done in-flight=1w
2026-08-28T09:56:54.978Z Bram exam-sting item 9/10 start
2026-08-28T09:56:55.530Z Bram exam-sting item 9 done in-flight=1w
2026-08-28T09:56:55.530Z Bram exam-sting item 10/10 start
2026-08-28T09:56:56.150Z Bram exam-sting item 10 done in-flight=1w
2026-08-28T09:56:56.153Z Pip arm=none start
2026-08-28T09:56:56.153Z Pip exam-novel item 1/16 start
2026-08-28T09:57:03.375Z Pip exam-novel item 1 done in-flight=1w
2026-08-28T09:57:03.390Z Pip exam-novel item 2/16 start
2026-08-28T09:57:07.595Z Pip exam-novel item 2 done in-flight=1w
2026-08-28T09:57:07.603Z Pip exam-novel item 3/16 start
2026-08-28T09:57:08.333Z Pip exam-novel item 3 done in-flight=1w
2026-08-28T09:57:08.334Z Pip exam-novel item 4/16 start
2026-08-28T09:57:08.767Z Pip exam-novel item 4 done in-flight=1w
2026-08-28T09:57:08.767Z Pip exam-novel item 5/16 start
2026-08-28T09:57:09.612Z Pip exam-novel item 5 done in-flight=1w
2026-08-28T09:57:09.613Z Pip exam-novel item 6/16 start
2026-08-28T09:57:10.031Z Pip exam-novel item 6 done in-flight=1w
2026-08-28T09:57:10.032Z Pip exam-novel item 7/16 start
2026-08-28T09:57:10.422Z Pip exam-novel item 7 done in-flight=1w
2026-08-28T09:57:10.423Z Pip exam-novel item 8/16 start
2026-08-28T09:57:10.831Z Pip exam-novel item 8 done in-flight=1w
2026-08-28T09:57:10.832Z Pip exam-novel item 9/16 start
2026-08-28T09:57:11.248Z Pip exam-novel item 9 done in-flight=1w
2026-08-28T09:57:11.249Z Pip exam-novel item 10/16 start
2026-08-28T09:57:11.605Z Pip exam-novel item 10 done in-flight=1w
2026-08-28T09:57:11.606Z Pip exam-novel item 11/16 start
2026-08-28T09:57:12.078Z Pip exam-novel item 11 done in-flight=1w
2026-08-28T09:57:12.078Z Pip exam-novel item 12/16 start
2026-08-28T09:57:12.430Z Pip exam-novel item 12 done in-flight=1w
2026-08-28T09:57:12.431Z Pip exam-novel item 13/16 start
2026-08-28T09:57:12.852Z Pip exam-novel item 13 done in-flight=1w
2026-08-28T09:57:12.853Z Pip exam-novel item 14/16 start
2026-08-28T09:57:13.271Z Pip exam-novel item 14 done in-flight=1w
2026-08-28T09:57:13.272Z Pip exam-novel item 15/16 start
2026-08-28T09:57:13.680Z Pip exam-novel item 15 done in-flight=1w
2026-08-28T09:57:13.681Z Pip exam-novel item 16/16 start
2026-08-28T09:57:14.090Z Pip exam-novel item 16 done in-flight=1w
2026-08-28T09:57:14.092Z Pip exam-sting item 1/10 start
2026-08-28T09:57:14.614Z Pip exam-sting item 1 done in-flight=1w
2026-08-28T09:57:14.615Z Pip exam-sting item 2/10 start
2026-08-28T09:57:15.006Z Pip exam-sting item 2 done in-flight=1w
2026-08-28T09:57:15.007Z Pip exam-sting item 3/10 start
2026-08-28T09:57:15.359Z Pip exam-sting item 3 done in-flight=1w
2026-08-28T09:57:15.361Z Pip exam-sting item 4/10 start
2026-08-28T09:57:15.711Z Pip exam-sting item 4 done in-flight=1w
2026-08-28T09:57:15.713Z Pip exam-sting item 5/10 start
2026-08-28T09:57:16.101Z Pip exam-sting item 5 done in-flight=1w
2026-08-28T09:57:16.103Z Pip exam-sting item 6/10 start
2026-08-28T09:57:16.456Z Pip exam-sting item 6 done in-flight=1w
2026-08-28T09:57:16.459Z Pip exam-sting item 7/10 start
2026-08-28T09:57:16.859Z Pip exam-sting item 7 done in-flight=1w
2026-08-28T09:57:16.860Z Pip exam-sting item 8/10 start
2026-08-28T09:57:17.282Z Pip exam-sting item 8 done in-flight=1w
2026-08-28T09:57:17.283Z Pip exam-sting item 9/10 start
2026-08-28T09:57:17.702Z Pip exam-sting item 9 done in-flight=1w
2026-08-28T09:57:17.703Z Pip exam-sting item 10/10 start
2026-08-28T09:57:18.127Z Pip exam-sting item 10 done in-flight=1w
2026-08-28T09:57:18.131Z Pip arm=fixed start
2026-08-28T09:57:38.561Z Pip exam-novel item 1/16 start
2026-08-28T09:57:39.137Z Pip exam-novel item 1 done in-flight=1w
2026-08-28T09:57:39.138Z Pip exam-novel item 2/16 start
2026-08-28T09:57:39.537Z Pip exam-novel item 2 done in-flight=1w
2026-08-28T09:57:39.537Z Pip exam-novel item 3/16 start
2026-08-28T09:57:39.998Z Pip exam-novel item 3 done in-flight=1w
2026-08-28T09:57:39.998Z Pip exam-novel item 4/16 start
2026-08-28T09:57:40.480Z Pip exam-novel item 4 done in-flight=1w
2026-08-28T09:57:40.481Z Pip exam-novel item 5/16 start
2026-08-28T09:57:40.914Z Pip exam-novel item 5 done in-flight=1w
2026-08-28T09:57:40.915Z Pip exam-novel item 6/16 start
2026-08-28T09:57:41.353Z Pip exam-novel item 6 done in-flight=1w
2026-08-28T09:57:41.354Z Pip exam-novel item 7/16 start
2026-08-28T09:57:41.735Z Pip exam-novel item 7 done in-flight=1w
2026-08-28T09:57:41.735Z Pip exam-novel item 8/16 start
2026-08-28T09:57:42.126Z Pip exam-novel item 8 done in-flight=1w
2026-08-28T09:57:42.126Z Pip exam-novel item 9/16 start
2026-08-28T09:57:42.511Z Pip exam-novel item 9 done in-flight=1w
2026-08-28T09:57:42.512Z Pip exam-novel item 10/16 start
2026-08-28T09:57:43.068Z Pip exam-novel item 10 done in-flight=1w
2026-08-28T09:57:43.069Z Pip exam-novel item 11/16 start
2026-08-28T09:57:43.456Z Pip exam-novel item 11 done in-flight=1w
2026-08-28T09:57:43.457Z Pip exam-novel item 12/16 start
2026-08-28T09:57:43.815Z Pip exam-novel item 12 done in-flight=1w
2026-08-28T09:57:43.816Z Pip exam-novel item 13/16 start
2026-08-28T09:57:44.389Z Pip exam-novel item 13 done in-flight=1w
2026-08-28T09:57:44.391Z Pip exam-novel item 14/16 start
2026-08-28T09:57:44.786Z Pip exam-novel item 14 done in-flight=1w
2026-08-28T09:57:44.787Z Pip exam-novel item 15/16 start
2026-08-28T09:57:45.201Z Pip exam-novel item 15 done in-flight=1w
2026-08-28T09:57:45.202Z Pip exam-novel item 16/16 start
2026-08-28T09:57:45.570Z Pip exam-novel item 16 done in-flight=1w
2026-08-28T09:57:45.573Z Pip exam-sting item 1/10 start
2026-08-28T09:57:45.942Z Pip exam-sting item 1 done in-flight=1w
2026-08-28T09:57:45.943Z Pip exam-sting item 2/10 start
2026-08-28T09:57:46.293Z Pip exam-sting item 2 done in-flight=1w
2026-08-28T09:57:46.293Z Pip exam-sting item 3/10 start
2026-08-28T09:57:46.643Z Pip exam-sting item 3 done in-flight=1w
2026-08-28T09:57:46.644Z Pip exam-sting item 4/10 start
2026-08-28T09:57:47.121Z Pip exam-sting item 4 done in-flight=1w
2026-08-28T09:57:47.122Z Pip exam-sting item 5/10 start
2026-08-28T09:57:47.512Z Pip exam-sting item 5 done in-flight=1w
2026-08-28T09:57:47.512Z Pip exam-sting item 6/10 start
2026-08-28T09:57:47.879Z Pip exam-sting item 6 done in-flight=1w
2026-08-28T09:57:47.881Z Pip exam-sting item 7/10 start
2026-08-28T09:57:48.322Z Pip exam-sting item 7 done in-flight=1w
2026-08-28T09:57:48.322Z Pip exam-sting item 8/10 start
2026-08-28T09:57:48.685Z Pip exam-sting item 8 done in-flight=1w
2026-08-28T09:57:48.686Z Pip exam-sting item 9/10 start
2026-08-28T09:57:49.094Z Pip exam-sting item 9 done in-flight=1w
2026-08-28T09:57:49.095Z Pip exam-sting item 10/10 start
2026-08-28T09:57:49.461Z Pip exam-sting item 10 done in-flight=1w
2026-08-28T09:57:49.461Z Pip arm=adaptive start
2026-08-28T09:58:11.956Z Pip exam-novel item 1/16 start
2026-08-28T09:58:12.487Z Pip exam-novel item 1 done in-flight=1w
2026-08-28T09:58:12.489Z Pip exam-novel item 2/16 start
2026-08-28T09:58:12.989Z Pip exam-novel item 2 done in-flight=1w
2026-08-28T09:58:12.989Z Pip exam-novel item 3/16 start
2026-08-28T09:58:13.481Z Pip exam-novel item 3 done in-flight=1w
2026-08-28T09:58:13.482Z Pip exam-novel item 4/16 start
2026-08-28T09:58:13.910Z Pip exam-novel item 4 done in-flight=1w
2026-08-28T09:58:13.911Z Pip exam-novel item 5/16 start
2026-08-28T09:58:14.315Z Pip exam-novel item 5 done in-flight=1w
2026-08-28T09:58:14.317Z Pip exam-novel item 6/16 start
2026-08-28T09:58:14.971Z Pip exam-novel item 6 done in-flight=1w
2026-08-28T09:58:14.972Z Pip exam-novel item 7/16 start
2026-08-28T09:58:15.385Z Pip exam-novel item 7 done in-flight=1w
2026-08-28T09:58:15.386Z Pip exam-novel item 8/16 start
2026-08-28T09:58:15.780Z Pip exam-novel item 8 done in-flight=1w
2026-08-28T09:58:15.780Z Pip exam-novel item 9/16 start
2026-08-28T09:58:16.278Z Pip exam-novel item 9 done in-flight=1w
2026-08-28T09:58:16.279Z Pip exam-novel item 10/16 start
2026-08-28T09:58:16.689Z Pip exam-novel item 10 done in-flight=1w
2026-08-28T09:58:16.690Z Pip exam-novel item 11/16 start
2026-08-28T09:58:17.163Z Pip exam-novel item 11 done in-flight=1w
2026-08-28T09:58:17.163Z Pip exam-novel item 12/16 start
2026-08-28T09:58:17.534Z Pip exam-novel item 12 done in-flight=1w
2026-08-28T09:58:17.535Z Pip exam-novel item 13/16 start
2026-08-28T09:58:17.898Z Pip exam-novel item 13 done in-flight=1w
2026-08-28T09:58:17.898Z Pip exam-novel item 14/16 start
2026-08-28T09:58:18.286Z Pip exam-novel item 14 done in-flight=1w
2026-08-28T09:58:18.287Z Pip exam-novel item 15/16 start
2026-08-28T09:58:18.647Z Pip exam-novel item 15 done in-flight=1w
2026-08-28T09:58:18.647Z Pip exam-novel item 16/16 start
2026-08-28T09:58:19.159Z Pip exam-novel item 16 done in-flight=1w
2026-08-28T09:58:19.160Z Pip exam-sting item 1/10 start
2026-08-28T09:58:19.537Z Pip exam-sting item 1 done in-flight=1w
2026-08-28T09:58:19.538Z Pip exam-sting item 2/10 start
2026-08-28T09:58:19.887Z Pip exam-sting item 2 done in-flight=1w
2026-08-28T09:58:19.888Z Pip exam-sting item 3/10 start
2026-08-28T09:58:20.311Z Pip exam-sting item 3 done in-flight=1w
2026-08-28T09:58:20.312Z Pip exam-sting item 4/10 start
2026-08-28T09:58:20.705Z Pip exam-sting item 4 done in-flight=1w
2026-08-28T09:58:20.707Z Pip exam-sting item 5/10 start
2026-08-28T09:58:21.142Z Pip exam-sting item 5 done in-flight=1w
2026-08-28T09:58:21.143Z Pip exam-sting item 6/10 start
2026-08-28T09:58:21.557Z Pip exam-sting item 6 done in-flight=1w
2026-08-28T09:58:21.558Z Pip exam-sting item 7/10 start
2026-08-28T09:58:21.940Z Pip exam-sting item 7 done in-flight=1w
2026-08-28T09:58:21.941Z Pip exam-sting item 8/10 start
2026-08-28T09:58:22.294Z Pip exam-sting item 8 done in-flight=1w
2026-08-28T09:58:22.295Z Pip exam-sting item 9/10 start
2026-08-28T09:58:22.657Z Pip exam-sting item 9 done in-flight=1w
2026-08-28T09:58:22.658Z Pip exam-sting item 10/10 start
2026-08-28T09:58:23.002Z Pip exam-sting item 10 done in-flight=1w
2026-08-28T09:58:23.009Z Flit arm=none start
2026-08-28T09:58:23.009Z Flit exam-novel item 1/16 start
2026-08-28T09:58:30.474Z Flit exam-novel item 1 done in-flight=1w
2026-08-28T09:58:30.475Z Flit exam-novel item 2/16 start
2026-08-28T09:58:37.675Z Flit exam-novel item 2 done in-flight=1w
2026-08-28T09:58:37.682Z Flit exam-novel item 3/16 start
2026-08-28T09:58:46.689Z Flit exam-novel item 3 done in-flight=1w
2026-08-28T09:58:46.694Z Flit exam-novel item 4/16 start
2026-08-28T09:58:53.967Z Flit exam-novel item 4 done in-flight=1w
2026-08-28T09:58:53.978Z Flit exam-novel item 5/16 start
2026-08-28T09:59:01.527Z Flit exam-novel item 5 done in-flight=1w
2026-08-28T09:59:01.529Z Flit exam-novel item 6/16 start
2026-08-28T09:59:06.495Z Flit exam-novel item 6 done in-flight=1w
2026-08-28T09:59:06.496Z Flit exam-novel item 7/16 start
2026-08-28T09:59:15.030Z Flit exam-novel item 7 done in-flight=1w
2026-08-28T09:59:15.032Z Flit exam-novel item 8/16 start
2026-08-28T09:59:19.897Z Flit exam-novel item 8 done in-flight=1w
2026-08-28T09:59:19.907Z Flit exam-novel item 9/16 start
2026-08-28T09:59:27.391Z Flit exam-novel item 9 done in-flight=1w
2026-08-28T09:59:27.392Z Flit exam-novel item 10/16 start
2026-08-28T09:59:37.657Z Flit exam-novel item 10 done in-flight=1w
2026-08-28T09:59:37.663Z Flit exam-novel item 11/16 start
2026-08-28T09:59:46.243Z Flit exam-novel item 11 done in-flight=1w
2026-08-28T09:59:46.251Z Flit exam-novel item 12/16 start
2026-08-28T09:59:54.777Z Flit exam-novel item 12 done in-flight=1w
2026-08-28T09:59:54.783Z Flit exam-novel item 13/16 start
2026-08-28T10:00:03.564Z Flit exam-novel item 13 done in-flight=1w
2026-08-28T10:00:03.570Z Flit exam-novel item 14/16 start
2026-08-28T10:00:10.259Z Flit exam-novel item 14 done in-flight=1w
2026-08-28T10:00:10.266Z Flit exam-novel item 15/16 start
2026-08-28T10:00:18.049Z Flit exam-novel item 15 done in-flight=1w
2026-08-28T10:00:18.065Z Flit exam-novel item 16/16 start
2026-08-28T10:00:27.516Z Flit exam-novel item 16 done in-flight=1w
2026-08-28T10:00:27.523Z Flit exam-sting item 1/10 start
2026-08-28T10:00:34.887Z Flit exam-sting item 1 done in-flight=1w
2026-08-28T10:00:34.896Z Flit exam-sting item 2/10 start
2026-08-28T10:00:43.615Z Flit exam-sting item 2 done in-flight=1w
2026-08-28T10:00:43.616Z Flit exam-sting item 3/10 start
2026-08-28T10:00:51.918Z Flit exam-sting item 3 done in-flight=1w
2026-08-28T10:00:52.050Z Flit exam-sting item 4/10 start
2026-08-28T10:00:59.466Z Flit exam-sting item 4 done in-flight=1w
2026-08-28T10:00:59.467Z Flit exam-sting item 5/10 start
2026-08-28T10:01:09.763Z Flit exam-sting item 5 done in-flight=1w
2026-08-28T10:01:09.764Z Flit exam-sting item 6/10 start
2026-08-28T10:01:16.399Z Flit exam-sting item 6 done in-flight=1w
2026-08-28T10:01:16.399Z Flit exam-sting item 7/10 start
2026-08-28T10:01:24.005Z Flit exam-sting item 7 done in-flight=1w
2026-08-28T10:01:24.006Z Flit exam-sting item 8/10 start
2026-08-28T10:01:30.372Z Flit exam-sting item 8 done in-flight=1w
2026-08-28T10:01:30.374Z Flit exam-sting item 9/10 start
2026-08-28T10:01:37.709Z Flit exam-sting item 9 done in-flight=1w
2026-08-28T10:01:37.709Z Flit exam-sting item 10/10 start
2026-08-28T10:01:45.776Z Flit exam-sting item 10 done in-flight=1w
2026-08-28T10:01:45.777Z Flit arm=fixed start
2026-08-28T10:07:01.743Z Flit exam-novel item 1/16 start
2026-08-28T10:07:07.747Z Flit exam-novel item 1 done in-flight=1w
2026-08-28T10:07:07.748Z Flit exam-novel item 2/16 start
2026-08-28T10:07:14.908Z Flit exam-novel item 2 done in-flight=2w
2026-08-28T10:07:14.909Z Flit exam-novel item 3/16 start
2026-08-28T10:07:20.592Z Flit exam-novel item 3 done in-flight=2w
2026-08-28T10:07:20.593Z Flit exam-novel item 4/16 start
2026-08-28T10:07:26.578Z Flit exam-novel item 4 done in-flight=2w
2026-08-28T10:07:26.578Z Flit exam-novel item 5/16 start
2026-08-28T10:07:33.692Z Flit exam-novel item 5 done in-flight=2w
2026-08-28T10:07:33.693Z Flit exam-novel item 6/16 start
2026-08-28T10:07:45.369Z Flit exam-novel item 6 done in-flight=2w
2026-08-28T10:07:45.370Z Flit exam-novel item 7/16 start
2026-08-28T10:07:52.966Z Flit exam-novel item 7 done in-flight=2w
2026-08-28T10:07:52.967Z Flit exam-novel item 8/16 start
2026-08-28T10:08:00.911Z Flit exam-novel item 8 done in-flight=2w
2026-08-28T10:08:00.911Z Flit exam-novel item 9/16 start
2026-08-28T10:08:06.977Z Flit exam-novel item 9 done in-flight=2w
2026-08-28T10:08:06.978Z Flit exam-novel item 10/16 start
2026-08-28T10:08:13.654Z Flit exam-novel item 10 done in-flight=2w
2026-08-28T10:08:13.655Z Flit exam-novel item 11/16 start
2026-08-28T10:08:20.487Z Flit exam-novel item 11 done in-flight=2w
2026-08-28T10:08:20.487Z Flit exam-novel item 12/16 start
2026-08-28T10:08:27.145Z Flit exam-novel item 12 done in-flight=2w
2026-08-28T10:08:27.146Z Flit exam-novel item 13/16 start
2026-08-28T10:08:36.858Z Flit exam-novel item 13 done in-flight=3w
2026-08-28T10:08:36.859Z Flit exam-novel item 14/16 start
2026-08-28T10:08:43.500Z Flit exam-novel item 14 done in-flight=3w
2026-08-28T10:08:43.501Z Flit exam-novel item 15/16 start
2026-08-28T10:08:52.907Z Flit exam-novel item 15 done in-flight=3w
2026-08-28T10:08:52.908Z Flit exam-novel item 16/16 start
2026-08-28T10:09:03.562Z Flit exam-novel item 16 done in-flight=3w
2026-08-28T10:09:03.562Z Flit exam-sting item 1/10 start
2026-08-28T10:09:06.524Z Flit exam-sting item 1 done in-flight=3w
2026-08-28T10:09:06.525Z Flit exam-sting item 2/10 start
2026-08-28T10:09:09.365Z Flit exam-sting item 2 done in-flight=3w
2026-08-28T10:09:09.366Z Flit exam-sting item 3/10 start
2026-08-28T10:09:11.656Z Flit exam-sting item 3 done in-flight=3w
2026-08-28T10:09:11.656Z Flit exam-sting item 4/10 start
2026-08-28T10:09:13.727Z Flit exam-sting item 4 done in-flight=3w
2026-08-28T10:09:13.727Z Flit exam-sting item 5/10 start
2026-08-28T10:09:16.400Z Flit exam-sting item 5 done in-flight=3w
2026-08-28T10:09:16.401Z Flit exam-sting item 6/10 start
2026-08-28T10:09:19.214Z Flit exam-sting item 6 done in-flight=3w
2026-08-28T10:09:19.214Z Flit exam-sting item 7/10 start
2026-08-28T10:09:21.429Z Flit exam-sting item 7 done in-flight=3w
2026-08-28T10:09:21.429Z Flit exam-sting item 8/10 start
2026-08-28T10:09:23.709Z Flit exam-sting item 8 done in-flight=3w
2026-08-28T10:09:23.710Z Flit exam-sting item 9/10 start
2026-08-28T10:09:25.809Z Flit exam-sting item 9 done in-flight=3w
2026-08-28T10:09:25.810Z Flit exam-sting item 10/10 start
2026-08-28T10:09:29.031Z Flit exam-sting item 10 done in-flight=3w
2026-08-28T10:09:29.032Z Flit arm=adaptive start
2026-08-28T10:16:36.049Z Flit exam-novel item 1/16 start
2026-08-28T10:16:43.334Z Flit exam-novel item 1 done in-flight=3w
2026-08-28T10:16:43.335Z Flit exam-novel item 2/16 start
2026-08-28T10:16:49.899Z Flit exam-novel item 2 done in-flight=3w
2026-08-28T10:16:49.899Z Flit exam-novel item 3/16 start
2026-08-28T10:16:58.311Z Flit exam-novel item 3 done in-flight=3w
2026-08-28T10:16:58.312Z Flit exam-novel item 4/16 start
2026-08-28T10:17:06.089Z Flit exam-novel item 4 done in-flight=3w
2026-08-28T10:17:06.090Z Flit exam-novel item 5/16 start
2026-08-28T10:17:13.193Z Flit exam-novel item 5 done in-flight=3w
2026-08-28T10:17:13.194Z Flit exam-novel item 6/16 start
2026-08-28T10:17:23.655Z Flit exam-novel item 6 done in-flight=3w
2026-08-28T10:17:23.656Z Flit exam-novel item 7/16 start
2026-08-28T10:17:30.548Z Flit exam-novel item 7 done in-flight=3w
2026-08-28T10:17:30.548Z Flit exam-novel item 8/16 start
2026-08-28T10:17:37.590Z Flit exam-novel item 8 done in-flight=3w
2026-08-28T10:17:37.591Z Flit exam-novel item 9/16 start
2026-08-28T10:17:46.519Z Flit exam-novel item 9 done in-flight=4w
2026-08-28T10:17:46.520Z Flit exam-novel item 10/16 start
2026-08-28T10:17:53.703Z Flit exam-novel item 10 done in-flight=4w
2026-08-28T10:17:53.703Z Flit exam-novel item 11/16 start
2026-08-28T10:18:00.602Z Flit exam-novel item 11 done in-flight=4w
2026-08-28T10:18:00.602Z Flit exam-novel item 12/16 start
2026-08-28T10:18:09.380Z Flit exam-novel item 12 done in-flight=4w
2026-08-28T10:18:09.380Z Flit exam-novel item 13/16 start
2026-08-28T10:18:16.466Z Flit exam-novel item 13 done in-flight=4w
2026-08-28T10:18:16.466Z Flit exam-novel item 14/16 start
2026-08-28T10:18:24.482Z Flit exam-novel item 14 done in-flight=4w
2026-08-28T10:18:24.483Z Flit exam-novel item 15/16 start
2026-08-28T10:18:32.407Z Flit exam-novel item 15 done in-flight=4w
2026-08-28T10:18:32.408Z Flit exam-novel item 16/16 start
2026-08-28T10:18:40.067Z Flit exam-novel item 16 done in-flight=4w
2026-08-28T10:18:40.068Z Flit exam-sting item 1/10 start
2026-08-28T10:18:49.161Z Flit exam-sting item 1 done in-flight=4w
2026-08-28T10:18:49.162Z Flit exam-sting item 2/10 start
2026-08-28T10:18:55.267Z Flit exam-sting item 2 done in-flight=4w
2026-08-28T10:18:55.268Z Flit exam-sting item 3/10 start
2026-08-28T10:19:04.966Z Flit exam-sting item 3 done in-flight=4w
2026-08-28T10:19:04.967Z Flit exam-sting item 4/10 start
2026-08-28T10:19:12.945Z Flit exam-sting item 4 done in-flight=4w
2026-08-28T10:19:12.945Z Flit exam-sting item 5/10 start
2026-08-28T10:19:20.589Z Flit exam-sting item 5 done in-flight=4w
2026-08-28T10:19:20.590Z Flit exam-sting item 6/10 start
2026-08-28T10:19:26.520Z Flit exam-sting item 6 done in-flight=4w
2026-08-28T10:19:26.521Z Flit exam-sting item 7/10 start
2026-08-28T10:19:32.113Z Flit exam-sting item 7 done in-flight=4w
2026-08-28T10:19:32.114Z Flit exam-sting item 8/10 start
2026-08-28T10:19:40.404Z Flit exam-sting item 8 done in-flight=4w
2026-08-28T10:19:40.405Z Flit exam-sting item 9/10 start
2026-08-28T10:19:46.688Z Flit exam-sting item 9 done in-flight=4w
2026-08-28T10:19:46.688Z Flit exam-sting item 10/10 start
2026-08-28T10:19:53.688Z Flit exam-sting item 10 done in-flight=4w
