2026-08-28T11:28:03.366Z estimate-done
2026-08-28T11:28:03.370Z Juniper arm=adaptive start
2026-08-28T11:28:27.543Z Juniper arm=adaptive-strategy start
2026-08-28T11:28:27.544Z Juniper strategy elicit double
2026-08-28T11:28:28.839Z Juniper strategy elicit bookends
2026-08-28T11:28:30.032Z Juniper strategy elicit vowel-parity
2026-08-28T11:28:31.020Z Juniper strategy elicit unique
2026-08-28T11:28:32.170Z Juniper exam-novel item 1/16 start
2026-08-28T11:28:32.741Z Juniper exam-novel item 1 done in-flight=1w
2026-08-28T11:28:32.741Z Juniper exam-novel item 2/16 start
2026-08-28T11:28:33.070Z Juniper exam-novel item 2 done in-flight=1w
2026-08-28T11:28:33.071Z Juniper exam-novel item 3/16 start
2026-08-28T11:28:33.399Z Juniper exam-novel item 3 done in-flight=1w
2026-08-28T11:28:33.399Z Juniper exam-novel item 4/16 start
2026-08-28T11:28:33.729Z Juniper exam-novel item 4 done in-flight=1w
2026-08-28T11:28:33.730Z Juniper exam-novel item 5/16 start
2026-08-28T11:28:34.058Z Juniper exam-novel item 5 done in-flight=1w
2026-08-28T11:28:34.059Z Juniper exam-novel item 6/16 start
2026-08-28T11:28:34.388Z Juniper exam-novel item 6 done in-flight=1w
2026-08-28T11:28:34.388Z Juniper exam-novel item 7/16 start
2026-08-28T11:28:34.715Z Juniper exam-novel item 7 done in-flight=1w
2026-08-28T11:28:34.715Z Juniper exam-novel item 8/16 start
2026-08-28T11:28:35.044Z Juniper exam-novel item 8 done in-flight=1w
2026-08-28T11:28:35.045Z Juniper exam-novel item 9/16 start
2026-08-28T11:28:35.373Z Juniper exam-novel item 9 done in-flight=1w
2026-08-28T11:28:35.373Z Juniper exam-novel item 10/16 start
2026-08-28T11:28:35.703Z Juniper exam-novel item 10 done in-flight=1w
2026-08-28T11:28:35.704Z Juniper exam-novel item 11/16 start
2026-08-28T11:28:36.032Z Juniper exam-novel item 11 done in-flight=1w
2026-08-28T11:28:36.033Z Juniper exam-novel item 12/16 start
2026-08-28T11:28:36.362Z Juniper exam-novel item 12 done in-flight=1w
2026-08-28T11:28:36.363Z Juniper exam-novel item 13/16 start
2026-08-28T11:28:36.690Z Juniper exam-novel item 13 done in-flight=1w
2026-08-28T11:28:36.690Z Juniper exam-novel item 14/16 start
2026-08-28T11:28:37.019Z Juniper exam-novel item 14 done in-flight=1w
2026-08-28T11:28:37.019Z Juniper exam-novel item 15/16 start
2026-08-28T11:28:37.346Z Juniper exam-novel item 15 done in-flight=1w
2026-08-28T11:28:37.346Z Juniper exam-novel item 16/16 start
2026-08-28T11:28:37.672Z Juniper exam-novel item 16 done in-flight=1w
2026-08-28T11:28:37.673Z Juniper exam-sting item 1/10 start
2026-08-28T11:28:38.004Z Juniper exam-sting item 1 done in-flight=1w
2026-08-28T11:28:38.005Z Juniper exam-sting item 2/10 start
2026-08-28T11:28:38.330Z Juniper exam-sting item 2 done in-flight=1w
2026-08-28T11:28:38.330Z Juniper exam-sting item 3/10 start
2026-08-28T11:28:38.658Z Juniper exam-sting item 3 done in-flight=1w
2026-08-28T11:28:38.658Z Juniper exam-sting item 4/10 start
2026-08-28T11:28:38.984Z Juniper exam-sting item 4 done in-flight=1w
2026-08-28T11:28:38.985Z Juniper exam-sting item 5/10 start
2026-08-28T11:28:39.316Z Juniper exam-sting item 5 done in-flight=1w
2026-08-28T11:28:39.316Z Juniper exam-sting item 6/10 start
2026-08-28T11:28:39.643Z Juniper exam-sting item 6 done in-flight=1w
2026-08-28T11:28:39.643Z Juniper exam-sting item 7/10 start
2026-08-28T11:28:39.969Z Juniper exam-sting item 7 done in-flight=1w
2026-08-28T11:28:39.970Z Juniper exam-sting item 8/10 start
2026-08-28T11:28:40.299Z Juniper exam-sting item 8 done in-flight=1w
2026-08-28T11:28:40.299Z Juniper exam-sting item 9/10 start
2026-08-28T11:28:40.629Z Juniper exam-sting item 9 done in-flight=1w
2026-08-28T11:28:40.629Z Juniper exam-sting item 10/10 start
2026-08-28T11:28:40.956Z Juniper exam-sting item 10 done in-flight=1w
2026-08-28T11:28:40.957Z Bram arm=adaptive start
2026-08-28T11:29:14.105Z Bram arm=adaptive-strategy start
2026-08-28T11:29:14.106Z Bram strategy elicit double
2026-08-28T11:29:16.482Z Bram strategy elicit bookends
2026-08-28T11:29:18.704Z Bram strategy elicit vowel-parity
2026-08-28T11:29:20.891Z Bram strategy elicit unique
2026-08-28T11:29:22.750Z Bram exam-novel item 1/16 start
2026-08-28T11:29:23.678Z Bram exam-novel item 1 done in-flight=1w
2026-08-28T11:29:23.679Z Bram exam-novel item 2/16 start
2026-08-28T11:29:24.240Z Bram exam-novel item 2 done in-flight=1w
2026-08-28T11:29:24.240Z Bram exam-novel item 3/16 start
2026-08-28T11:29:24.808Z Bram exam-novel item 3 done in-flight=1w
2026-08-28T11:29:24.808Z Bram exam-novel item 4/16 start
2026-08-28T11:29:25.393Z Bram exam-novel item 4 done in-flight=1w
2026-08-28T11:29:25.399Z Bram exam-novel item 5/16 start
2026-08-28T11:29:26.018Z Bram exam-novel item 5 done in-flight=1w
2026-08-28T11:29:26.018Z Bram exam-novel item 6/16 start
2026-08-28T11:29:26.594Z Bram exam-novel item 6 done in-flight=1w
2026-08-28T11:29:26.594Z Bram exam-novel item 7/16 start
2026-08-28T11:29:27.181Z Bram exam-novel item 7 done in-flight=1w
2026-08-28T11:29:27.182Z Bram exam-novel item 8/16 start
2026-08-28T11:29:27.771Z Bram exam-novel item 8 done in-flight=1w
2026-08-28T11:29:27.771Z Bram exam-novel item 9/16 start
2026-08-28T11:29:28.365Z Bram exam-novel item 9 done in-flight=1w
2026-08-28T11:29:28.366Z Bram exam-novel item 10/16 start
2026-08-28T11:29:28.924Z Bram exam-novel item 10 done in-flight=1w
2026-08-28T11:29:28.925Z Bram exam-novel item 11/16 start
2026-08-28T11:29:29.500Z Bram exam-novel item 11 done in-flight=1w
2026-08-28T11:29:29.501Z Bram exam-novel item 12/16 start
2026-08-28T11:29:30.086Z Bram exam-novel item 12 done in-flight=1w
2026-08-28T11:29:30.087Z Bram exam-novel item 13/16 start
2026-08-28T11:29:30.712Z Bram exam-novel item 13 done in-flight=1w
2026-08-28T11:29:30.712Z Bram exam-novel item 14/16 start
2026-08-28T11:29:31.369Z Bram exam-novel item 14 done in-flight=1w
2026-08-28T11:29:31.370Z Bram exam-novel item 15/16 start
2026-08-28T11:29:31.981Z Bram exam-novel item 15 done in-flight=1w
2026-08-28T11:29:31.982Z Bram exam-novel item 16/16 start
2026-08-28T11:29:32.534Z Bram exam-novel item 16 done in-flight=1w
2026-08-28T11:29:32.535Z Bram exam-sting item 1/10 start
2026-08-28T11:29:33.092Z Bram exam-sting item 1 done in-flight=1w
2026-08-28T11:29:33.092Z Bram exam-sting item 2/10 start
2026-08-28T11:29:33.689Z Bram exam-sting item 2 done in-flight=1w
2026-08-28T11:29:33.689Z Bram exam-sting item 3/10 start
2026-08-28T11:29:34.284Z Bram exam-sting item 3 done in-flight=1w
2026-08-28T11:29:34.284Z Bram exam-sting item 4/10 start
2026-08-28T11:29:34.883Z Bram exam-sting item 4 done in-flight=1w
2026-08-28T11:29:34.883Z Bram exam-sting item 5/10 start
2026-08-28T11:29:35.462Z Bram exam-sting item 5 done in-flight=1w
2026-08-28T11:29:35.462Z Bram exam-sting item 6/10 start
2026-08-28T11:29:36.026Z Bram exam-sting item 6 done in-flight=1w
2026-08-28T11:29:36.026Z Bram exam-sting item 7/10 start
2026-08-28T11:29:36.636Z Bram exam-sting item 7 done in-flight=1w
2026-08-28T11:29:36.637Z Bram exam-sting item 8/10 start
2026-08-28T11:29:37.209Z Bram exam-sting item 8 done in-flight=1w
2026-08-28T11:29:37.210Z Bram exam-sting item 9/10 start
2026-08-28T11:29:37.770Z Bram exam-sting item 9 done in-flight=1w
2026-08-28T11:29:37.770Z Bram exam-sting item 10/10 start
2026-08-28T11:29:38.390Z Bram exam-sting item 10 done in-flight=1w
2026-08-28T11:29:38.393Z Pip arm=adaptive start
2026-08-28T11:31:20.478Z Pip arm=adaptive-strategy start
2026-08-28T11:31:20.478Z Pip strategy elicit double
2026-08-28T11:31:22.560Z Pip strategy elicit bookends
2026-08-28T11:31:27.175Z Pip strategy elicit vowel-parity
2026-08-28T11:31:28.832Z Pip strategy elicit unique
2026-08-28T11:31:30.081Z Pip exam-novel item 1/16 start
2026-08-28T11:31:31.324Z Pip exam-novel item 1 done in-flight=1w
2026-08-28T11:31:31.330Z Pip exam-novel item 2/16 start
2026-08-28T11:31:32.005Z Pip exam-novel item 2 done in-flight=1w
2026-08-28T11:31:32.007Z Pip exam-novel item 3/16 start
2026-08-28T11:31:32.522Z Pip exam-novel item 3 done in-flight=1w
2026-08-28T11:31:32.523Z Pip exam-novel item 4/16 start
2026-08-28T11:31:33.118Z Pip exam-novel item 4 done in-flight=1w
2026-08-28T11:31:33.120Z Pip exam-novel item 5/16 start
2026-08-28T11:31:33.512Z Pip exam-novel item 5 done in-flight=1w
2026-08-28T11:31:33.514Z Pip exam-novel item 6/16 start
2026-08-28T11:31:34.462Z Pip exam-novel item 6 done in-flight=1w
2026-08-28T11:31:34.463Z Pip exam-novel item 7/16 start
2026-08-28T11:31:35.720Z Pip exam-novel item 7 done in-flight=1w
2026-08-28T11:31:35.721Z Pip exam-novel item 8/16 start
2026-08-28T11:31:36.216Z Pip exam-novel item 8 done in-flight=1w
2026-08-28T11:31:36.217Z Pip exam-novel item 9/16 start
2026-08-28T11:31:36.738Z Pip exam-novel item 9 done in-flight=1w
2026-08-28T11:31:36.740Z Pip exam-novel item 10/16 start
2026-08-28T11:31:37.465Z Pip exam-novel item 10 done in-flight=1w
2026-08-28T11:31:37.468Z Pip exam-novel item 11/16 start
2026-08-28T11:31:38.542Z Pip exam-novel item 11 done in-flight=1w
2026-08-28T11:31:38.543Z Pip exam-novel item 12/16 start
2026-08-28T11:31:40.381Z Pip exam-novel item 12 done in-flight=1w
2026-08-28T11:31:40.384Z Pip exam-novel item 13/16 start
2026-08-28T11:31:41.218Z Pip exam-novel item 13 done in-flight=1w
2026-08-28T11:31:41.221Z Pip exam-novel item 14/16 start
2026-08-28T11:31:42.162Z Pip exam-novel item 14 done in-flight=1w
2026-08-28T11:31:42.163Z Pip exam-novel item 15/16 start
2026-08-28T11:31:43.365Z Pip exam-novel item 15 done in-flight=1w
2026-08-28T11:31:43.366Z Pip exam-novel item 16/16 start
2026-08-28T11:31:44.122Z Pip exam-novel item 16 done in-flight=1w
2026-08-28T11:31:44.127Z Pip exam-sting item 1/10 start
2026-08-28T11:31:44.981Z Pip exam-sting item 1 done in-flight=1w
2026-08-28T11:31:44.982Z Pip exam-sting item 2/10 start
2026-08-28T11:31:46.693Z Pip exam-sting item 2 done in-flight=1w
2026-08-28T11:31:46.707Z Pip exam-sting item 3/10 start
2026-08-28T11:31:47.554Z Pip exam-sting item 3 done in-flight=1w
2026-08-28T11:31:47.565Z Pip exam-sting item 4/10 start
2026-08-28T11:31:48.040Z Pip exam-sting item 4 done in-flight=1w
2026-08-28T11:31:48.041Z Pip exam-sting item 5/10 start
2026-08-28T11:31:49.340Z Pip exam-sting item 5 done in-flight=1w
2026-08-28T11:31:49.342Z Pip exam-sting item 6/10 start
2026-08-28T11:31:50.219Z Pip exam-sting item 6 done in-flight=1w
2026-08-28T11:31:50.221Z Pip exam-sting item 7/10 start
2026-08-28T11:31:51.621Z Pip exam-sting item 7 done in-flight=1w
2026-08-28T11:31:51.623Z Pip exam-sting item 8/10 start
2026-08-28T11:31:52.509Z Pip exam-sting item 8 done in-flight=1w
2026-08-28T11:31:52.510Z Pip exam-sting item 9/10 start
2026-08-28T11:31:53.970Z Pip exam-sting item 9 done in-flight=1w
2026-08-28T11:31:53.989Z Pip exam-sting item 10/10 start
2026-08-28T11:31:54.753Z Pip exam-sting item 10 done in-flight=1w
2026-08-28T11:31:54.770Z Flit arm=adaptive start
2026-08-28T11:38:48.335Z Flit arm=adaptive-strategy start
2026-08-28T11:38:48.335Z Flit strategy elicit double
2026-08-28T11:38:51.506Z Flit strategy elicit bookends
2026-08-28T11:38:57.191Z Flit strategy elicit vowel-parity
2026-08-28T11:39:02.460Z Flit strategy elicit unique
2026-08-28T11:39:06.592Z Flit exam-novel item 1/16 start
2026-08-28T11:39:17.209Z Flit exam-novel item 1 done in-flight=1w
2026-08-28T11:39:17.210Z Flit exam-novel item 2/16 start
2026-08-28T11:39:27.756Z Flit exam-novel item 2 done in-flight=1w
2026-08-28T11:39:27.757Z Flit exam-novel item 3/16 start
2026-08-28T11:39:36.641Z Flit exam-novel item 3 done in-flight=1w
2026-08-28T11:39:36.642Z Flit exam-novel item 4/16 start
2026-08-28T11:39:43.607Z Flit exam-novel item 4 done in-flight=1w
2026-08-28T11:39:43.611Z Flit exam-novel item 5/16 start
2026-08-28T11:39:50.292Z Flit exam-novel item 5 done in-flight=1w
2026-08-28T11:39:50.293Z Flit exam-novel item 6/16 start
2026-08-28T11:39:59.166Z Flit exam-novel item 6 done in-flight=1w
2026-08-28T11:39:59.166Z Flit exam-novel item 7/16 start
2026-08-28T11:40:05.502Z Flit exam-novel item 7 done in-flight=1w
2026-08-28T11:40:05.502Z Flit exam-novel item 8/16 start
2026-08-28T11:40:13.720Z Flit exam-novel item 8 done in-flight=1w
2026-08-28T11:40:13.721Z Flit exam-novel item 9/16 start
2026-08-28T11:40:20.402Z Flit exam-novel item 9 done in-flight=1w
2026-08-28T11:40:20.402Z Flit exam-novel item 10/16 start
2026-08-28T11:40:27.781Z Flit exam-novel item 10 done in-flight=1w
2026-08-28T11:40:27.782Z Flit exam-novel item 11/16 start
2026-08-28T11:40:35.135Z Flit exam-novel item 11 done in-flight=1w
2026-08-28T11:40:35.136Z Flit exam-novel item 12/16 start
2026-08-28T11:40:43.517Z Flit exam-novel item 12 done in-flight=1w
2026-08-28T11:40:43.518Z Flit exam-novel item 13/16 start
2026-08-28T11:40:51.890Z Flit exam-novel item 13 done in-flight=1w
2026-08-28T11:40:51.891Z Flit exam-novel item 14/16 start
2026-08-28T11:40:58.477Z Flit exam-novel item 14 done in-flight=1w
2026-08-28T11:40:58.478Z Flit exam-novel item 15/16 start
2026-08-28T11:41:06.668Z Flit exam-novel item 15 done in-flight=1w
2026-08-28T11:41:06.668Z Flit exam-novel item 16/16 start
2026-08-28T11:41:13.608Z Flit exam-novel item 16 done in-flight=1w
2026-08-28T11:41:13.609Z Flit exam-sting item 1/10 start
2026-08-28T11:41:22.669Z Flit exam-sting item 1 done in-flight=1w
2026-08-28T11:41:22.670Z Flit exam-sting item 2/10 start
2026-08-28T11:41:31.204Z Flit exam-sting item 2 done in-flight=1w
2026-08-28T11:41:31.205Z Flit exam-sting item 3/10 start
2026-08-28T11:41:40.009Z Flit exam-sting item 3 done in-flight=1w
2026-08-28T11:41:40.010Z Flit exam-sting item 4/10 start
2026-08-28T11:41:47.105Z Flit exam-sting item 4 done in-flight=1w
2026-08-28T11:41:47.106Z Flit exam-sting item 5/10 start
2026-08-28T11:41:54.455Z Flit exam-sting item 5 done in-flight=1w
2026-08-28T11:41:54.456Z Flit exam-sting item 6/10 start
2026-08-28T11:42:01.110Z Flit exam-sting item 6 done in-flight=1w
2026-08-28T11:42:01.111Z Flit exam-sting item 7/10 start
2026-08-28T11:42:09.971Z Flit exam-sting item 7 done in-flight=1w
2026-08-28T11:42:09.972Z Flit exam-sting item 8/10 start
2026-08-28T11:42:18.325Z Flit exam-sting item 8 done in-flight=1w
2026-08-28T11:42:18.326Z Flit exam-sting item 9/10 start
2026-08-28T11:42:26.431Z Flit exam-sting item 9 done in-flight=1w
2026-08-28T11:42:26.432Z Flit exam-sting item 10/10 start
2026-08-28T11:42:33.433Z Flit exam-sting item 10 done in-flight=1w
