2026-08-28T09:30:11.232Z estimate-done
2026-08-28T09:30:11.233Z Juniper arm=none start
2026-08-28T09:30:11.233Z Juniper exam-novel item 1/16 start
2026-08-28T09:30:17.918Z Juniper exam-novel item 1 done in-flight=1w
2026-08-28T09:30:17.919Z Juniper exam-novel item 2/16 start
2026-08-28T09:30:18.263Z Juniper exam-novel item 2 done in-flight=1w
2026-08-28T09:30:18.264Z Juniper exam-novel item 3/16 start
2026-08-28T09:30:18.605Z Juniper exam-novel item 3 done in-flight=1w
2026-08-28T09:30:18.606Z Juniper exam-novel item 4/16 start
2026-08-28T09:30:18.949Z Juniper exam-novel item 4 done in-flight=1w
2026-08-28T09:30:18.949Z Juniper exam-novel item 5/16 start
2026-08-28T09:30:19.285Z Juniper exam-novel item 5 done in-flight=1w
2026-08-28T09:30:19.286Z Juniper exam-novel item 6/16 start
2026-08-28T09:30:19.626Z Juniper exam-novel item 6 done in-flight=1w
2026-08-28T09:30:19.627Z Juniper exam-novel item 7/16 start
2026-08-28T09:30:19.964Z Juniper exam-novel item 7 done in-flight=1w
2026-08-28T09:30:19.965Z Juniper exam-novel item 8/16 start
2026-08-28T09:30:20.302Z Juniper exam-novel item 8 done in-flight=1w
2026-08-28T09:30:20.303Z Juniper exam-novel item 9/16 start
2026-08-28T09:30:20.640Z Juniper exam-novel item 9 done in-flight=1w
2026-08-28T09:30:20.640Z Juniper exam-novel item 10/16 start
2026-08-28T09:30:20.980Z Juniper exam-novel item 10 done in-flight=1w
2026-08-28T09:30:20.980Z Juniper exam-novel item 11/16 start
2026-08-28T09:30:21.319Z Juniper exam-novel item 11 done in-flight=1w
2026-08-28T09:30:21.319Z Juniper exam-novel item 12/16 start
2026-08-28T09:30:21.659Z Juniper exam-novel item 12 done in-flight=1w
2026-08-28T09:30:21.659Z Juniper exam-novel item 13/16 start
2026-08-28T09:30:22.005Z Juniper exam-novel item 13 done in-flight=1w
2026-08-28T09:30:22.006Z Juniper exam-novel item 14/16 start
2026-08-28T09:30:22.341Z Juniper exam-novel item 14 done in-flight=1w
2026-08-28T09:30:22.342Z Juniper exam-novel item 15/16 start
2026-08-28T09:30:22.679Z Juniper exam-novel item 15 done in-flight=1w
2026-08-28T09:30:22.679Z Juniper exam-novel item 16/16 start
2026-08-28T09:30:23.018Z Juniper exam-novel item 16 done in-flight=1w
2026-08-28T09:30:23.019Z Juniper exam-sting item 1/10 start
2026-08-28T09:30:23.355Z Juniper exam-sting item 1 done in-flight=1w
2026-08-28T09:30:23.356Z Juniper exam-sting item 2/10 start
2026-08-28T09:30:23.698Z Juniper exam-sting item 2 done in-flight=1w
2026-08-28T09:30:23.698Z Juniper exam-sting item 3/10 start
2026-08-28T09:30:24.052Z Juniper exam-sting item 3 done in-flight=1w
2026-08-28T09:30:24.052Z Juniper exam-sting item 4/10 start
2026-08-28T09:30:24.390Z Juniper exam-sting item 4 done in-flight=1w
2026-08-28T09:30:24.390Z Juniper exam-sting item 5/10 start
2026-08-28T09:30:24.735Z Juniper exam-sting item 5 done in-flight=1w
2026-08-28T09:30:24.735Z Juniper exam-sting item 6/10 start
2026-08-28T09:30:25.072Z Juniper exam-sting item 6 done in-flight=1w
2026-08-28T09:30:25.073Z Juniper exam-sting item 7/10 start
2026-08-28T09:30:25.408Z Juniper exam-sting item 7 done in-flight=1w
2026-08-28T09:30:25.408Z Juniper exam-sting item 8/10 start
2026-08-28T09:30:25.756Z Juniper exam-sting item 8 done in-flight=1w
2026-08-28T09:30:25.756Z Juniper exam-sting item 9/10 start
2026-08-28T09:30:26.098Z Juniper exam-sting item 9 done in-flight=1w
2026-08-28T09:30:26.098Z Juniper exam-sting item 10/10 start
2026-08-28T09:30:26.441Z Juniper exam-sting item 10 done in-flight=1w
2026-08-28T09:31:17.791Z Bram arm=none start
2026-08-28T09:31:17.792Z Bram exam-novel item 1/16 start
2026-08-28T09:31:22.325Z Bram exam-novel item 1 done in-flight=1w
2026-08-28T09:31:22.333Z Bram exam-novel item 2/16 start
2026-08-28T09:31:22.966Z Bram exam-novel item 2 done in-flight=1w
2026-08-28T09:31:22.966Z Bram exam-novel item 3/16 start
2026-08-28T09:31:23.548Z Bram exam-novel item 3 done in-flight=1w
2026-08-28T09:31:23.548Z Bram exam-novel item 4/16 start
2026-08-28T09:31:24.108Z Bram exam-novel item 4 done in-flight=1w
2026-08-28T09:31:24.108Z Bram exam-novel item 5/16 start
2026-08-28T09:31:24.718Z Bram exam-novel item 5 done in-flight=1w
2026-08-28T09:31:24.719Z Bram exam-novel item 6/16 start
2026-08-28T09:31:25.306Z Bram exam-novel item 6 done in-flight=1w
2026-08-28T09:31:25.306Z Bram exam-novel item 7/16 start
2026-08-28T09:31:25.937Z Bram exam-novel item 7 done in-flight=1w
2026-08-28T09:31:25.938Z Bram exam-novel item 8/16 start
2026-08-28T09:31:26.615Z Bram exam-novel item 8 done in-flight=1w
2026-08-28T09:31:26.615Z Bram exam-novel item 9/16 start
2026-08-28T09:31:27.262Z Bram exam-novel item 9 done in-flight=1w
2026-08-28T09:31:27.262Z Bram exam-novel item 10/16 start
2026-08-28T09:31:27.830Z Bram exam-novel item 10 done in-flight=1w
2026-08-28T09:31:27.831Z Bram exam-novel item 11/16 start
2026-08-28T09:31:28.471Z Bram exam-novel item 11 done in-flight=1w
2026-08-28T09:31:28.472Z Bram exam-novel item 12/16 start
2026-08-28T09:31:29.037Z Bram exam-novel item 12 done in-flight=1w
2026-08-28T09:31:29.038Z Bram exam-novel item 13/16 start
2026-08-28T09:31:29.660Z Bram exam-novel item 13 done in-flight=1w
2026-08-28T09:31:29.661Z Bram exam-novel item 14/16 start
2026-08-28T09:31:30.259Z Bram exam-novel item 14 done in-flight=1w
2026-08-28T09:31:30.260Z Bram exam-novel item 15/16 start
2026-08-28T09:31:30.876Z Bram exam-novel item 15 done in-flight=1w
2026-08-28T09:31:30.876Z Bram exam-novel item 16/16 start
2026-08-28T09:31:31.418Z Bram exam-novel item 16 done in-flight=1w
2026-08-28T09:31:31.418Z Bram exam-sting item 1/10 start
2026-08-28T09:31:31.966Z Bram exam-sting item 1 done in-flight=1w
2026-08-28T09:31:31.966Z Bram exam-sting item 2/10 start
2026-08-28T09:31:32.583Z Bram exam-sting item 2 done in-flight=1w
2026-08-28T09:31:32.584Z Bram exam-sting item 3/10 start
2026-08-28T09:31:33.215Z Bram exam-sting item 3 done in-flight=1w
2026-08-28T09:31:33.216Z Bram exam-sting item 4/10 start
2026-08-28T09:31:33.810Z Bram exam-sting item 4 done in-flight=1w
2026-08-28T09:31:33.811Z Bram exam-sting item 5/10 start
2026-08-28T09:31:34.360Z Bram exam-sting item 5 done in-flight=1w
2026-08-28T09:31:34.361Z Bram exam-sting item 6/10 start
2026-08-28T09:31:34.916Z Bram exam-sting item 6 done in-flight=1w
2026-08-28T09:31:34.916Z Bram exam-sting item 7/10 start
2026-08-28T09:31:35.523Z Bram exam-sting item 7 done in-flight=1w
2026-08-28T09:31:35.523Z Bram exam-sting item 8/10 start
2026-08-28T09:31:36.137Z Bram exam-sting item 8 done in-flight=1w
2026-08-28T09:31:36.137Z Bram exam-sting item 9/10 start
2026-08-28T09:31:36.744Z Bram exam-sting item 9 done in-flight=1w
2026-08-28T09:31:36.745Z Bram exam-sting item 10/10 start
2026-08-28T09:31:37.374Z Bram exam-sting item 10 done in-flight=1w
2026-08-28T09:33:09.109Z Pip arm=none start
2026-08-28T09:33:09.109Z Pip exam-novel item 1/16 start
2026-08-28T09:33:15.379Z Pip exam-novel item 1 done in-flight=1w
2026-08-28T09:33:15.392Z Pip exam-novel item 2/16 start
2026-08-28T09:33:17.573Z Pip exam-novel item 2 done in-flight=1w
2026-08-28T09:33:17.585Z Pip exam-novel item 3/16 start
2026-08-28T09:33:18.300Z Pip exam-novel item 3 done in-flight=1w
2026-08-28T09:33:18.301Z Pip exam-novel item 4/16 start
2026-08-28T09:33:18.684Z Pip exam-novel item 4 done in-flight=1w
2026-08-28T09:33:18.684Z Pip exam-novel item 5/16 start
2026-08-28T09:33:19.356Z Pip exam-novel item 5 done in-flight=1w
2026-08-28T09:33:19.357Z Pip exam-novel item 6/16 start
2026-08-28T09:33:19.932Z Pip exam-novel item 6 done in-flight=1w
2026-08-28T09:33:19.933Z Pip exam-novel item 7/16 start
2026-08-28T09:33:20.291Z Pip exam-novel item 7 done in-flight=1w
2026-08-28T09:33:20.292Z Pip exam-novel item 8/16 start
2026-08-28T09:33:20.688Z Pip exam-novel item 8 done in-flight=1w
2026-08-28T09:33:20.690Z Pip exam-novel item 9/16 start
2026-08-28T09:33:21.074Z Pip exam-novel item 9 done in-flight=1w
2026-08-28T09:33:21.075Z Pip exam-novel item 10/16 start
2026-08-28T09:33:21.427Z Pip exam-novel item 10 done in-flight=1w
2026-08-28T09:33:21.429Z Pip exam-novel item 11/16 start
2026-08-28T09:33:21.865Z Pip exam-novel item 11 done in-flight=1w
2026-08-28T09:33:21.866Z Pip exam-novel item 12/16 start
2026-08-28T09:33:22.269Z Pip exam-novel item 12 done in-flight=1w
2026-08-28T09:33:22.272Z Pip exam-novel item 13/16 start
2026-08-28T09:33:22.659Z Pip exam-novel item 13 done in-flight=1w
2026-08-28T09:33:22.663Z Pip exam-novel item 14/16 start
2026-08-28T09:33:23.043Z Pip exam-novel item 14 done in-flight=1w
2026-08-28T09:33:23.044Z Pip exam-novel item 15/16 start
2026-08-28T09:33:23.408Z Pip exam-novel item 15 done in-flight=1w
2026-08-28T09:33:23.409Z Pip exam-novel item 16/16 start
2026-08-28T09:33:23.798Z Pip exam-novel item 16 done in-flight=1w
2026-08-28T09:33:23.799Z Pip exam-sting item 1/10 start
2026-08-28T09:33:24.237Z Pip exam-sting item 1 done in-flight=1w
2026-08-28T09:33:24.237Z Pip exam-sting item 2/10 start
2026-08-28T09:33:24.626Z Pip exam-sting item 2 done in-flight=1w
2026-08-28T09:33:24.627Z Pip exam-sting item 3/10 start
2026-08-28T09:33:25.043Z Pip exam-sting item 3 done in-flight=1w
2026-08-28T09:33:25.045Z Pip exam-sting item 4/10 start
2026-08-28T09:33:25.453Z Pip exam-sting item 4 done in-flight=1w
2026-08-28T09:33:25.454Z Pip exam-sting item 5/10 start
2026-08-28T09:33:26.239Z Pip exam-sting item 5 done in-flight=1w
2026-08-28T09:33:26.240Z Pip exam-sting item 6/10 start
2026-08-28T09:33:26.938Z Pip exam-sting item 6 done in-flight=1w
2026-08-28T09:33:26.940Z Pip exam-sting item 7/10 start
2026-08-28T09:33:27.338Z Pip exam-sting item 7 done in-flight=1w
2026-08-28T09:33:27.339Z Pip exam-sting item 8/10 start
2026-08-28T09:33:27.786Z Pip exam-sting item 8 done in-flight=1w
2026-08-28T09:33:27.786Z Pip exam-sting item 9/10 start
2026-08-28T09:33:28.340Z Pip exam-sting item 9 done in-flight=1w
2026-08-28T09:33:28.341Z Pip exam-sting item 10/10 start
2026-08-28T09:33:28.778Z Pip exam-sting item 10 done in-flight=1w
2026-08-28T09:36:50.044Z Flit arm=none start
2026-08-28T09:36:50.045Z Flit exam-novel item 1/16 start
2026-08-28T09:37:00.371Z Flit exam-novel item 1 done in-flight=1w
2026-08-28T09:37:00.371Z Flit exam-novel item 2/16 start
2026-08-28T09:37:10.090Z Flit exam-novel item 2 done in-flight=1w
2026-08-28T09:37:10.091Z Flit exam-novel item 3/16 start
2026-08-28T09:37:21.951Z Flit exam-novel item 3 done in-flight=1w
2026-08-28T09:37:21.952Z Flit exam-novel item 4/16 start
2026-08-28T09:37:29.246Z Flit exam-novel item 4 done in-flight=1w
2026-08-28T09:37:29.247Z Flit exam-novel item 5/16 start
2026-08-28T09:37:37.150Z Flit exam-novel item 5 done in-flight=1w
2026-08-28T09:37:37.150Z Flit exam-novel item 6/16 start
2026-08-28T09:37:47.686Z Flit exam-novel item 6 done in-flight=1w
2026-08-28T09:37:47.689Z Flit exam-novel item 7/16 start
2026-08-28T09:37:56.958Z Flit exam-novel item 7 done in-flight=1w
2026-08-28T09:37:56.962Z Flit exam-novel item 8/16 start
2026-08-28T09:38:01.948Z Flit exam-novel item 8 done in-flight=1w
2026-08-28T09:38:01.948Z Flit exam-novel item 9/16 start
2026-08-28T09:38:12.841Z Flit exam-novel item 9 done in-flight=1w
2026-08-28T09:38:12.844Z Flit exam-novel item 10/16 start
2026-08-28T09:38:22.204Z Flit exam-novel item 10 done in-flight=1w
2026-08-28T09:38:22.204Z Flit exam-novel item 11/16 start
2026-08-28T09:38:32.373Z Flit exam-novel item 11 done in-flight=1w
2026-08-28T09:38:32.374Z Flit exam-novel item 12/16 start
2026-08-28T09:38:39.168Z Flit exam-novel item 12 done in-flight=1w
2026-08-28T09:38:39.169Z Flit exam-novel item 13/16 start
2026-08-28T09:38:45.984Z Flit exam-novel item 13 done in-flight=1w
2026-08-28T09:38:45.984Z Flit exam-novel item 14/16 start
2026-08-28T09:38:53.670Z Flit exam-novel item 14 done in-flight=1w
2026-08-28T09:38:53.671Z Flit exam-novel item 15/16 start
2026-08-28T09:39:01.806Z Flit exam-novel item 15 done in-flight=1w
2026-08-28T09:39:01.807Z Flit exam-novel item 16/16 start
2026-08-28T09:39:11.400Z Flit exam-novel item 16 done in-flight=1w
2026-08-28T09:39:11.401Z Flit exam-sting item 1/10 start
2026-08-28T09:39:19.923Z Flit exam-sting item 1 done in-flight=1w
2026-08-28T09:39:19.924Z Flit exam-sting item 2/10 start
2026-08-28T09:39:26.755Z Flit exam-sting item 2 done in-flight=1w
2026-08-28T09:39:26.756Z Flit exam-sting item 3/10 start
2026-08-28T09:39:38.104Z Flit exam-sting item 3 done in-flight=1w
2026-08-28T09:39:38.105Z Flit exam-sting item 4/10 start
2026-08-28T09:39:47.100Z Flit exam-sting item 4 done in-flight=1w
2026-08-28T09:39:47.101Z Flit exam-sting item 5/10 start
2026-08-28T09:39:56.391Z Flit exam-sting item 5 done in-flight=1w
2026-08-28T09:39:56.392Z Flit exam-sting item 6/10 start
2026-08-28T09:40:03.872Z Flit exam-sting item 6 done in-flight=1w
2026-08-28T09:40:03.872Z Flit exam-sting item 7/10 start
2026-08-28T09:40:14.774Z Flit exam-sting item 7 done in-flight=1w
2026-08-28T09:40:14.775Z Flit exam-sting item 8/10 start
2026-08-28T09:40:21.394Z Flit exam-sting item 8 done in-flight=1w
2026-08-28T09:40:21.395Z Flit exam-sting item 9/10 start
2026-08-28T09:40:29.064Z Flit exam-sting item 9 done in-flight=1w
2026-08-28T09:40:29.065Z Flit exam-sting item 10/10 start
2026-08-28T09:40:37.540Z Flit exam-sting item 10 done in-flight=1w
