
=== ARM: control (8 agents, 6 rounds) ===
............
round 1: infected=1/8 [Ash]
............
round 2: infected=1/8 [Ash]
............
round 3: infected=1/8 [Ash]
............
round 4: infected=1/8 [Ash]
............
round 5: infected=1/8 [Ash]
............
round 6: infected=1/8 [Ash]

=== ARM: vaccine (8 agents, 6 rounds) ===
............
round 1: infected=1/8 [Ash]
............
round 2: infected=1/8 [Ash]
............
round 3: infected=1/8 [Ash]
............
round 4: infected=1/8 [Ash]
............
round 5: infected=1/8 [Ash]
............
round 6: infected=1/8 [Ash]

=== SUMMARY (19.5 min) ===
control: r1=1  r2=1  r3=1  r4=1  r5=1  r6=1
vaccine: r1=1  r2=1  r3=1  r4=1  r5=1  r6=1
