
=== ARM: control (8 agents, 6 rounds) ===
............
round 1: infected=1/8 [Ash]
............
round 2: infected=2/8 [Ash, Birch]
............
round 3: infected=2/8 [Ash, Birch]
............
round 4: infected=2/8 [Ash, Birch]
............
round 5: infected=4/8 [Ash, Birch, Cedar, Jade]
............
round 6: infected=5/8 [Ash, Birch, Cedar, Dune, Jade]

=== ARM: vaccine (8 agents, 6 rounds) ===
............
round 1: infected=1/8 [Ash]
............
round 2: infected=2/8 [Ash, Birch]
............
round 3: infected=3/8 [Ash, Birch, Cedar]
............
round 4: infected=3/8 [Ash, Birch, Cedar]
............
round 5: infected=3/8 [Ash, Birch, Cedar]
............
round 6: infected=3/8 [Ash, Birch, Cedar]

=== SUMMARY (25.1 min) ===
control: r1=1  r2=2  r3=2  r4=2  r5=4  r6=5
vaccine: r1=1  r2=2  r3=3  r4=3  r5=3  r6=3
